
> puskesmas_react@0.1.0 build
> next build

⚠ `eslint` configuration in next.config.ts is no longer supported. See more info here: https://nextjs.org/docs/app/api-reference/cli/next#next-lint-options
⚠ Invalid next.config.ts options detected: 
⚠     Unrecognized key(s) in object: 'eslint'
⚠ See more info here: https://nextjs.org/docs/messages/invalid-next-config
⨯ Another next build process is already running.

  This could be:
  - A next build still in progress
  - A previous build that didn't exit cleanly

  Suggestion: Wait for the build to complete.
